
> whatsapp-saas@0.1.0 build
> next build

  ▲ Next.js 14.2.35

   Creating an optimized production build ...
<w> [webpack.cache.PackFileCacheStrategy] Skipped not serializable cache item 'Compilation/modules|/Volumes/DESMA/AntiGravity/DES APP/whatsapp-saas/node_modules/next/dist/build/webpack/loaders/css-loader/src/index.js??ruleSet[1].rules[14].oneOf[12].use[2]!/Volumes/DESMA/AntiGravity/DES APP/whatsapp-saas/node_modules/next/dist/build/webpack/loaders/postcss-loader/src/index.js??ruleSet[1].rules[14].oneOf[12].use[3]!/Volumes/DESMA/AntiGravity/DES APP/whatsapp-saas/src/app/globals.css': No serializer registered for PostCSSSyntaxError
<w> while serializing webpack/lib/cache/PackFileCacheStrategy.PackContentItems -> webpack/lib/NormalModule -> webpack/lib/ModuleBuildError -> PostCSSSyntaxError
Failed to compile.

./src/app/globals.css:2:1
Syntax error: /Volumes/DESMA/AntiGravity/DES APP/whatsapp-saas/src/app/globals.css The `outline-ring/50` class does not exist. If `outline-ring/50` is a custom class, make sure it is defined within a `@layer` directive.

  1 | 
> 2 | @tailwind base;
    | ^
  3 | @tailwind components;
  4 | @tailwind utilities;

./src/app/globals.css
Syntax error: /Volumes/DESMA/AntiGravity/DES APP/whatsapp-saas/src/app/globals.css The `outline-ring/50` class does not exist. If `outline-ring/50` is a custom class, make sure it is defined within a `@layer` directive. (2:1)

  1 | 
> 2 | @tailwind base;
    | ^
  3 | @tailwind components;
  4 | @tailwind utilities;

    at tryRunOrWebpackError (/Volumes/DESMA/AntiGravity/DES APP/whatsapp-saas/node_modules/next/dist/compiled/webpack/bundle5.js:28:312989)
    at __webpack_require_module__ (/Volumes/DESMA/AntiGravity/DES APP/whatsapp-saas/node_modules/next/dist/compiled/webpack/bundle5.js:28:131165)
    at __nested_webpack_require_153728__ (/Volumes/DESMA/AntiGravity/DES APP/whatsapp-saas/node_modules/next/dist/compiled/webpack/bundle5.js:28:130607)
    at /Volumes/DESMA/AntiGravity/DES APP/whatsapp-saas/node_modules/next/dist/compiled/webpack/bundle5.js:28:131454
    at symbolIterator (/Volumes/DESMA/AntiGravity/DES APP/whatsapp-saas/node_modules/next/dist/compiled/neo-async/async.js:1:14444)
    at done (/Volumes/DESMA/AntiGravity/DES APP/whatsapp-saas/node_modules/next/dist/compiled/neo-async/async.js:1:14824)
    at Hook.eval [as callAsync] (eval at create (/Volumes/DESMA/AntiGravity/DES APP/whatsapp-saas/node_modules/next/dist/compiled/webpack/bundle5.js:13:28858), <anonymous>:15:1)
    at Hook.CALL_ASYNC_DELEGATE [as _callAsync] (/Volumes/DESMA/AntiGravity/DES APP/whatsapp-saas/node_modules/next/dist/compiled/webpack/bundle5.js:13:26012)
    at /Volumes/DESMA/AntiGravity/DES APP/whatsapp-saas/node_modules/next/dist/compiled/webpack/bundle5.js:28:130328
    at symbolIterator (/Volumes/DESMA/AntiGravity/DES APP/whatsapp-saas/node_modules/next/dist/compiled/neo-async/async.js:1:14402)
-- inner error --
Syntax error: /Volumes/DESMA/AntiGravity/DES APP/whatsapp-saas/src/app/globals.css The `outline-ring/50` class does not exist. If `outline-ring/50` is a custom class, make sure it is defined within a `@layer` directive. (2:1)

  1 | 
> 2 | @tailwind base;
    | ^
  3 | @tailwind components;
  4 | @tailwind utilities;

    at Object.<anonymous> (/Volumes/DESMA/AntiGravity/DES APP/whatsapp-saas/node_modules/next/dist/build/webpack/loaders/css-loader/src/index.js??ruleSet[1].rules[14].oneOf[12].use[2]!/Volumes/DESMA/AntiGravity/DES APP/whatsapp-saas/node_modules/next/dist/build/webpack/loaders/postcss-loader/src/index.js??ruleSet[1].rules[14].oneOf[12].use[3]!/Volumes/DESMA/AntiGravity/DES APP/whatsapp-saas/src/app/globals.css:1:7)
    at /Volumes/DESMA/AntiGravity/DES APP/whatsapp-saas/node_modules/next/dist/compiled/webpack/bundle5.js:28:922493
    at Hook.eval [as call] (eval at create (/Volumes/DESMA/AntiGravity/DES APP/whatsapp-saas/node_modules/next/dist/compiled/webpack/bundle5.js:13:28636), <anonymous>:7:1)
    at Hook.CALL_DELEGATE [as _call] (/Volumes/DESMA/AntiGravity/DES APP/whatsapp-saas/node_modules/next/dist/compiled/webpack/bundle5.js:13:25906)
    at /Volumes/DESMA/AntiGravity/DES APP/whatsapp-saas/node_modules/next/dist/compiled/webpack/bundle5.js:28:131198
    at tryRunOrWebpackError (/Volumes/DESMA/AntiGravity/DES APP/whatsapp-saas/node_modules/next/dist/compiled/webpack/bundle5.js:28:312943)
    at __webpack_require_module__ (/Volumes/DESMA/AntiGravity/DES APP/whatsapp-saas/node_modules/next/dist/compiled/webpack/bundle5.js:28:131165)
    at __nested_webpack_require_153728__ (/Volumes/DESMA/AntiGravity/DES APP/whatsapp-saas/node_modules/next/dist/compiled/webpack/bundle5.js:28:130607)
    at /Volumes/DESMA/AntiGravity/DES APP/whatsapp-saas/node_modules/next/dist/compiled/webpack/bundle5.js:28:131454
    at symbolIterator (/Volumes/DESMA/AntiGravity/DES APP/whatsapp-saas/node_modules/next/dist/compiled/neo-async/async.js:1:14444)

Generated code for /Volumes/DESMA/AntiGravity/DES APP/whatsapp-saas/node_modules/next/dist/build/webpack/loaders/css-loader/src/index.js??ruleSet[1].rules[14].oneOf[12].use[2]!/Volumes/DESMA/AntiGravity/DES APP/whatsapp-saas/node_modules/next/dist/build/webpack/loaders/postcss-loader/src/index.js??ruleSet[1].rules[14].oneOf[12].use[3]!/Volumes/DESMA/AntiGravity/DES APP/whatsapp-saas/src/app/globals.css

Import trace for requested module:
./src/app/globals.css


> Build failed because of webpack errors
